2025-10-01 15:28:07,691 - AEGIS-X.EliteVulnerabilityEngine - INFO - 🔥 Elite Vulnerability Engine initialized
2025-10-01 15:28:07,691 - AEGIS-X.EliteVulnerabilityEngine - INFO - 🎯 Loaded 154 elite payloads
2025-10-01 15:28:07,691 - AEGIS-X.EliteVulnerabilityEngine - INFO - 🔍 Configured 16 reconnaissance techniques
2025-10-01 15:28:07,691 - AEGIS-X.EliteVerificationEngine - INFO - 🔥 Elite Verification Engine initialized
2025-10-01 15:28:07,691 - AEGIS-X.EliteVerificationEngine - INFO - 🔍 Configured 6 verification layers
2025-10-01 15:28:07,691 - AEGIS-X.EliteVerificationEngine - INFO - 🎯 Loaded 10 vulnerability-specific techniques
2025-10-01 15:28:07,691 - AEGIS-X.EliteMaster - INFO - 🔥🔥🔥🔥🔥🔥🔥🔥🔥🔥🔥🔥🔥🔥🔥🔥🔥🔥🔥🔥🔥🔥🔥🔥🔥🔥🔥🔥🔥🔥🔥🔥🔥🔥🔥🔥🔥🔥🔥🔥🔥🔥🔥🔥🔥🔥🔥🔥🔥🔥🔥🔥🔥🔥🔥🔥🔥🔥🔥🔥
2025-10-01 15:28:07,691 - AEGIS-X.EliteMaster - INFO - 🚀 AEGIS-X ELITE MASTER SYSTEM v6.0 INITIALIZED
2025-10-01 15:28:07,691 - AEGIS-X.EliteMaster - INFO - 🔥🔥🔥🔥🔥🔥🔥🔥🔥🔥🔥🔥🔥🔥🔥🔥🔥🔥🔥🔥🔥🔥🔥🔥🔥🔥🔥🔥🔥🔥🔥🔥🔥🔥🔥🔥🔥🔥🔥🔥🔥🔥🔥🔥🔥🔥🔥🔥🔥🔥🔥🔥🔥🔥🔥🔥🔥🔥🔥🔥
2025-10-01 15:28:07,691 - AEGIS-X.EliteMaster - INFO - 📊 Campaign ID: elite_campaign_1759332487
2025-10-01 15:28:07,691 - AEGIS-X.EliteMaster - INFO - 🎯 Success Criteria: {'min_critical_vulns': 2, 'min_high_vulns': 3, 'min_medium_vulns': 13, 'min_total_vulns': 18, 'min_verified_rate': 0.9, 'min_confidence_score': 0.85, 'min_exploitability_score': 0.7}
2025-10-01 15:28:07,691 - AEGIS-X.EliteMaster - INFO - 💀 GUARANTEED TO FIND REAL, EXPLOITABLE VULNERABILITIES
2025-10-01 15:28:07,691 - AEGIS-X.EliteMaster - INFO - 🔥🔥🔥🔥🔥🔥🔥🔥🔥🔥🔥🔥🔥🔥🔥🔥🔥🔥🔥🔥🔥🔥🔥🔥🔥🔥🔥🔥🔥🔥🔥🔥🔥🔥🔥🔥🔥🔥🔥🔥🔥🔥🔥🔥🔥🔥🔥🔥🔥🔥🔥🔥🔥🔥🔥🔥🔥🔥🔥🔥
2025-10-01 15:28:07,691 - AEGIS-X.EliteMaster - INFO - 🚀🚀🚀🚀🚀🚀🚀🚀🚀🚀🚀🚀🚀🚀🚀🚀🚀🚀🚀🚀🚀🚀🚀🚀🚀🚀🚀🚀🚀🚀
2025-10-01 15:28:07,691 - AEGIS-X.EliteMaster - INFO - 🎯 STARTING ELITE HUNTING CAMPAIGN AGAINST: httpbin.org
2025-10-01 15:28:07,691 - AEGIS-X.EliteMaster - INFO - ⏰ Time limit: 5 minutes
2025-10-01 15:28:07,691 - AEGIS-X.EliteMaster - INFO - 🔄 Max iterations: 3
2025-10-01 15:28:07,691 - AEGIS-X.EliteMaster - INFO - 🚀🚀🚀🚀🚀🚀🚀🚀🚀🚀🚀🚀🚀🚀🚀🚀🚀🚀🚀🚀🚀🚀🚀🚀🚀🚀🚀🚀🚀🚀
2025-10-01 15:28:07,691 - AEGIS-X.EliteMaster - INFO - 🔍 PHASE 1: ELITE RECONNAISSANCE
2025-10-01 15:28:07,691 - AEGIS-X.EliteVulnerabilityEngine - INFO - 🔍 Starting elite reconnaissance for httpbin.org
2025-10-01 15:28:07,709 - AEGIS-X.EliteVulnerabilityEngine - INFO - 🌐 Found subdomain: www.httpbin.org
2025-10-01 15:28:08,610 - AEGIS-X.EliteVulnerabilityEngine - INFO - 🌐 Found subdomain: beta.httpbin.org
2025-10-01 15:28:08,971 - AEGIS-X.EliteVulnerabilityEngine - ERROR - Technology fingerprinting failed: httpbin.org
2025-10-01 15:28:08,976 - AEGIS-X.EliteVulnerabilityEngine - ERROR - SSL certificate analysis failed: [Errno 99] Cannot assign requested address
2025-10-01 15:28:09,117 - AEGIS-X.EliteVulnerabilityEngine - ERROR - JavaScript analysis failed: httpbin.org
2025-10-01 15:28:09,118 - AEGIS-X.EliteVulnerabilityEngine - ERROR - Form discovery failed: httpbin.org
2025-10-01 15:28:09,118 - AEGIS-X.EliteVulnerabilityEngine - ERROR - Header analysis failed: httpbin.org
2025-10-01 15:28:09,118 - AEGIS-X.EliteVulnerabilityEngine - INFO - 🔍 Elite reconnaissance complete:
2025-10-01 15:28:09,118 - AEGIS-X.EliteVulnerabilityEngine - INFO -    🌐 Subdomains: 2
2025-10-01 15:28:09,118 - AEGIS-X.EliteVulnerabilityEngine - INFO -    🔗 Endpoints: 0
2025-10-01 15:28:09,118 - AEGIS-X.EliteVulnerabilityEngine - INFO -    📝 Parameters: 53
2025-10-01 15:28:09,118 - AEGIS-X.EliteVulnerabilityEngine - INFO -    🛠️ Technologies: 0
2025-10-01 15:28:09,118 - AEGIS-X.EliteVulnerabilityEngine - INFO -    📋 Forms: 0
2025-10-01 15:28:09,118 - AEGIS-X.EliteVulnerabilityEngine - INFO -    📄 Interesting files: 0
2025-10-01 15:28:09,118 - AEGIS-X.EliteMaster - INFO - ⚡ PHASE 2: ELITE VULNERABILITY DETECTION
2025-10-01 15:28:09,118 - AEGIS-X.EliteVulnerabilityEngine - INFO - 🎯 Starting elite vulnerability testing for httpbin.org
2025-10-01 15:28:09,119 - AEGIS-X.EliteVulnerabilityEngine - INFO - 🎯 Elite vulnerability testing complete: 0 vulnerabilities found
2025-10-01 15:28:09,119 - AEGIS-X.EliteMaster - INFO - 🎯 Discovered 0 potential vulnerabilities
2025-10-01 15:28:09,119 - AEGIS-X.EliteMaster - INFO - 🔍 PHASE 3: ELITE VERIFICATION
2025-10-01 15:28:09,119 - AEGIS-X.EliteMaster - INFO - 📊 PHASE 4: CAMPAIGN ANALYSIS
2025-10-01 15:28:09,119 - AEGIS-X.EliteMaster - INFO - 📊 CAMPAIGN ANALYSIS RESULTS:
2025-10-01 15:28:09,119 - AEGIS-X.EliteMaster - INFO -    🎯 Total discovered: 0
2025-10-01 15:28:09,119 - AEGIS-X.EliteMaster - INFO -    ✅ Total verified: 0
2025-10-01 15:28:09,119 - AEGIS-X.EliteMaster - INFO -    📈 Verification rate: 0.00%
2025-10-01 15:28:09,119 - AEGIS-X.EliteMaster - INFO -    🚨 Critical: 0
2025-10-01 15:28:09,119 - AEGIS-X.EliteMaster - INFO -    ⚠️  High: 0
2025-10-01 15:28:09,119 - AEGIS-X.EliteMaster - INFO -    📊 Medium: 0
2025-10-01 15:28:09,119 - AEGIS-X.EliteMaster - INFO -    ℹ️  Low: 0
2025-10-01 15:28:09,119 - AEGIS-X.EliteMaster - INFO -    🎯 Average confidence: 0.00
2025-10-01 15:28:09,119 - AEGIS-X.EliteMaster - INFO -    ⚡ Average exploitability: 0.00
2025-10-01 15:28:09,119 - AEGIS-X.EliteMaster - INFO - ✅ PHASE 5: SUCCESS VALIDATION
2025-10-01 15:28:09,119 - AEGIS-X.EliteMaster - INFO - 📋 PHASE 6: COMPREHENSIVE REPORTING
2025-10-01 15:28:09,119 - AEGIS-X.EliteMaster - INFO - 📋 Elite report saved: output/elite_report_httpbin_org_1759332489.json
2025-10-01 15:28:09,120 - AEGIS-X.EliteMaster - INFO - 📊 Hunt summary saved: output/hunt_summary.txt
2025-10-01 15:28:09,120 - AEGIS-X.EliteMaster - WARNING - ⚠️⚠️⚠️⚠️⚠️⚠️⚠️⚠️⚠️⚠️⚠️⚠️⚠️⚠️⚠️⚠️⚠️⚠️⚠️⚠️⚠️⚠️⚠️⚠️⚠️⚠️⚠️⚠️⚠️⚠️
2025-10-01 15:28:09,120 - AEGIS-X.EliteMaster - WARNING - ❌ CAMPAIGN DID NOT MEET ALL SUCCESS CRITERIA
2025-10-01 15:28:09,120 - AEGIS-X.EliteMaster - WARNING - ⚠️⚠️⚠️⚠️⚠️⚠️⚠️⚠️⚠️⚠️⚠️⚠️⚠️⚠️⚠️⚠️⚠️⚠️⚠️⚠️⚠️⚠️⚠️⚠️⚠️⚠️⚠️⚠️⚠️⚠️
2025-10-01 15:28:09,120 - AEGIS-X.EliteMaster - WARNING - 📊 Success rate: 0.0%
2025-10-01 15:28:09,120 - AEGIS-X.EliteMaster - WARNING - 🎯 Criteria passed: 0/7
2025-10-01 15:28:09,120 - AEGIS-X.EliteMaster - WARNING -    ❌ min_critical_vulns
2025-10-01 15:28:09,120 - AEGIS-X.EliteMaster - WARNING -    ❌ min_high_vulns
2025-10-01 15:28:09,120 - AEGIS-X.EliteMaster - WARNING -    ❌ min_medium_vulns
2025-10-01 15:28:09,120 - AEGIS-X.EliteMaster - WARNING -    ❌ min_total_vulns
2025-10-01 15:28:09,120 - AEGIS-X.EliteMaster - WARNING -    ❌ min_verified_rate
2025-10-01 15:28:09,120 - AEGIS-X.EliteMaster - WARNING -    ❌ min_confidence_score
2025-10-01 15:28:09,120 - AEGIS-X.EliteMaster - WARNING -    ❌ min_exploitability_score
2025-10-01 15:28:09,120 - AEGIS-X.EliteMaster - WARNING - ⚠️⚠️⚠️⚠️⚠️⚠️⚠️⚠️⚠️⚠️⚠️⚠️⚠️⚠️⚠️⚠️⚠️⚠️⚠️⚠️⚠️⚠️⚠️⚠️⚠️⚠️⚠️⚠️⚠️⚠️
2025-10-01 15:28:09,120 - AEGIS-X.EliteMaster - WARNING - ⚠️ Elite hunting campaign completed with partial success
2025-10-01 15:30:35,560 - AEGIS-X.EliteVulnerabilityEngine - INFO - 🔥 Elite Vulnerability Engine initialized
2025-10-01 15:30:35,560 - AEGIS-X.EliteVulnerabilityEngine - INFO - 🎯 Loaded 154 elite payloads
2025-10-01 15:30:35,560 - AEGIS-X.EliteVulnerabilityEngine - INFO - 🔍 Configured 16 reconnaissance techniques
2025-10-01 15:30:35,560 - AEGIS-X.EliteVerificationEngine - INFO - 🔥 Elite Verification Engine initialized
2025-10-01 15:30:35,560 - AEGIS-X.EliteVerificationEngine - INFO - 🔍 Configured 6 verification layers
2025-10-01 15:30:35,560 - AEGIS-X.EliteVerificationEngine - INFO - 🎯 Loaded 10 vulnerability-specific techniques
2025-10-01 15:30:35,560 - AEGIS-X.EliteMaster - INFO - 🔥🔥🔥🔥🔥🔥🔥🔥🔥🔥🔥🔥🔥🔥🔥🔥🔥🔥🔥🔥🔥🔥🔥🔥🔥🔥🔥🔥🔥🔥🔥🔥🔥🔥🔥🔥🔥🔥🔥🔥🔥🔥🔥🔥🔥🔥🔥🔥🔥🔥🔥🔥🔥🔥🔥🔥🔥🔥🔥🔥
2025-10-01 15:30:35,560 - AEGIS-X.EliteMaster - INFO - 🚀 AEGIS-X ELITE MASTER SYSTEM v6.0 INITIALIZED
2025-10-01 15:30:35,560 - AEGIS-X.EliteMaster - INFO - 🔥🔥🔥🔥🔥🔥🔥🔥🔥🔥🔥🔥🔥🔥🔥🔥🔥🔥🔥🔥🔥🔥🔥🔥🔥🔥🔥🔥🔥🔥🔥🔥🔥🔥🔥🔥🔥🔥🔥🔥🔥🔥🔥🔥🔥🔥🔥🔥🔥🔥🔥🔥🔥🔥🔥🔥🔥🔥🔥🔥
2025-10-01 15:30:35,560 - AEGIS-X.EliteMaster - INFO - 📊 Campaign ID: elite_campaign_1759332635
2025-10-01 15:30:35,561 - AEGIS-X.EliteMaster - INFO - 🎯 Success Criteria: {'min_critical_vulns': 2, 'min_high_vulns': 3, 'min_medium_vulns': 13, 'min_total_vulns': 18, 'min_verified_rate': 0.9, 'min_confidence_score': 0.85, 'min_exploitability_score': 0.7}
2025-10-01 15:30:35,561 - AEGIS-X.EliteMaster - INFO - 💀 GUARANTEED TO FIND REAL, EXPLOITABLE VULNERABILITIES
2025-10-01 15:30:35,561 - AEGIS-X.EliteMaster - INFO - 🔥🔥🔥🔥🔥🔥🔥🔥🔥🔥🔥🔥🔥🔥🔥🔥🔥🔥🔥🔥🔥🔥🔥🔥🔥🔥🔥🔥🔥🔥🔥🔥🔥🔥🔥🔥🔥🔥🔥🔥🔥🔥🔥🔥🔥🔥🔥🔥🔥🔥🔥🔥🔥🔥🔥🔥🔥🔥🔥🔥
2025-10-01 15:30:35,561 - AEGIS-X.EliteMaster - INFO - 🚀🚀🚀🚀🚀🚀🚀🚀🚀🚀🚀🚀🚀🚀🚀🚀🚀🚀🚀🚀🚀🚀🚀🚀🚀🚀🚀🚀🚀🚀
2025-10-01 15:30:35,561 - AEGIS-X.EliteMaster - INFO - 🎯 STARTING ELITE HUNTING CAMPAIGN AGAINST: localhost:12001
2025-10-01 15:30:35,561 - AEGIS-X.EliteMaster - INFO - ⏰ Time limit: 10 minutes
2025-10-01 15:30:35,561 - AEGIS-X.EliteMaster - INFO - 🔄 Max iterations: 3
2025-10-01 15:30:35,561 - AEGIS-X.EliteMaster - INFO - 🚀🚀🚀🚀🚀🚀🚀🚀🚀🚀🚀🚀🚀🚀🚀🚀🚀🚀🚀🚀🚀🚀🚀🚀🚀🚀🚀🚀🚀🚀
2025-10-01 15:30:35,561 - AEGIS-X.EliteMaster - INFO - 🔍 PHASE 1: ELITE RECONNAISSANCE
2025-10-01 15:30:35,561 - AEGIS-X.EliteVulnerabilityEngine - INFO - 🔍 Starting elite reconnaissance for localhost:12001
2025-10-01 15:30:42,240 - AEGIS-X.EliteVulnerabilityEngine - ERROR - SSL certificate analysis failed: [Errno -2] Name or service not known
2025-10-01 15:30:42,870 - AEGIS-X.EliteVulnerabilityEngine - ERROR - JavaScript analysis failed: Cannot connect to host localhost:12001 ssl:default [[SSL] record layer failure (_ssl.c:1010)]
2025-10-01 15:30:42,871 - AEGIS-X.EliteVulnerabilityEngine - ERROR - Form discovery failed: Cannot connect to host localhost:12001 ssl:default [[SSL] record layer failure (_ssl.c:1010)]
2025-10-01 15:30:42,871 - AEGIS-X.EliteVulnerabilityEngine - ERROR - Technology fingerprinting failed: Cannot connect to host localhost:12001 ssl:default [[SSL] record layer failure (_ssl.c:1010)]
2025-10-01 15:30:42,871 - AEGIS-X.EliteVulnerabilityEngine - ERROR - Header analysis failed: Cannot connect to host localhost:12001 ssl:default [[SSL] record layer failure (_ssl.c:1010)]
2025-10-01 15:30:43,060 - AEGIS-X.EliteVulnerabilityEngine - INFO - 🔍 Elite reconnaissance complete:
2025-10-01 15:30:43,060 - AEGIS-X.EliteVulnerabilityEngine - INFO -    🌐 Subdomains: 0
2025-10-01 15:30:43,060 - AEGIS-X.EliteVulnerabilityEngine - INFO -    🔗 Endpoints: 0
2025-10-01 15:30:43,060 - AEGIS-X.EliteVulnerabilityEngine - INFO -    📝 Parameters: 53
2025-10-01 15:30:43,060 - AEGIS-X.EliteVulnerabilityEngine - INFO -    🛠️ Technologies: 0
2025-10-01 15:30:43,060 - AEGIS-X.EliteVulnerabilityEngine - INFO -    📋 Forms: 0
2025-10-01 15:30:43,060 - AEGIS-X.EliteVulnerabilityEngine - INFO -    📄 Interesting files: 0
2025-10-01 15:30:43,060 - AEGIS-X.EliteMaster - INFO - ⚡ PHASE 2: ELITE VULNERABILITY DETECTION
2025-10-01 15:30:43,060 - AEGIS-X.EliteVulnerabilityEngine - INFO - 🎯 Starting elite vulnerability testing for localhost:12001
2025-10-01 15:30:43,060 - AEGIS-X.EliteVulnerabilityEngine - INFO - 🎯 Elite vulnerability testing complete: 0 vulnerabilities found
2025-10-01 15:30:43,060 - AEGIS-X.EliteMaster - INFO - 🎯 Discovered 0 potential vulnerabilities
2025-10-01 15:30:43,060 - AEGIS-X.EliteMaster - INFO - 🔍 PHASE 3: ELITE VERIFICATION
2025-10-01 15:30:43,060 - AEGIS-X.EliteMaster - INFO - 📊 PHASE 4: CAMPAIGN ANALYSIS
2025-10-01 15:30:43,060 - AEGIS-X.EliteMaster - INFO - 📊 CAMPAIGN ANALYSIS RESULTS:
2025-10-01 15:30:43,060 - AEGIS-X.EliteMaster - INFO -    🎯 Total discovered: 0
2025-10-01 15:30:43,060 - AEGIS-X.EliteMaster - INFO -    ✅ Total verified: 0
2025-10-01 15:30:43,060 - AEGIS-X.EliteMaster - INFO -    📈 Verification rate: 0.00%
2025-10-01 15:30:43,060 - AEGIS-X.EliteMaster - INFO -    🚨 Critical: 0
2025-10-01 15:30:43,060 - AEGIS-X.EliteMaster - INFO -    ⚠️  High: 0
2025-10-01 15:30:43,060 - AEGIS-X.EliteMaster - INFO -    📊 Medium: 0
2025-10-01 15:30:43,060 - AEGIS-X.EliteMaster - INFO -    ℹ️  Low: 0
2025-10-01 15:30:43,060 - AEGIS-X.EliteMaster - INFO -    🎯 Average confidence: 0.00
2025-10-01 15:30:43,060 - AEGIS-X.EliteMaster - INFO -    ⚡ Average exploitability: 0.00
2025-10-01 15:30:43,060 - AEGIS-X.EliteMaster - INFO - ✅ PHASE 5: SUCCESS VALIDATION
2025-10-01 15:30:43,060 - AEGIS-X.EliteMaster - INFO - 📋 PHASE 6: COMPREHENSIVE REPORTING
2025-10-01 15:30:43,061 - AEGIS-X.EliteMaster - INFO - 📋 Elite report saved: output/elite_report_localhost:12001_1759332643.json
2025-10-01 15:30:43,061 - AEGIS-X.EliteMaster - INFO - 📊 Hunt summary saved: output/hunt_summary.txt
2025-10-01 15:30:43,061 - AEGIS-X.EliteMaster - WARNING - ⚠️⚠️⚠️⚠️⚠️⚠️⚠️⚠️⚠️⚠️⚠️⚠️⚠️⚠️⚠️⚠️⚠️⚠️⚠️⚠️⚠️⚠️⚠️⚠️⚠️⚠️⚠️⚠️⚠️⚠️
2025-10-01 15:30:43,061 - AEGIS-X.EliteMaster - WARNING - ❌ CAMPAIGN DID NOT MEET ALL SUCCESS CRITERIA
2025-10-01 15:30:43,061 - AEGIS-X.EliteMaster - WARNING - ⚠️⚠️⚠️⚠️⚠️⚠️⚠️⚠️⚠️⚠️⚠️⚠️⚠️⚠️⚠️⚠️⚠️⚠️⚠️⚠️⚠️⚠️⚠️⚠️⚠️⚠️⚠️⚠️⚠️⚠️
2025-10-01 15:30:43,061 - AEGIS-X.EliteMaster - WARNING - 📊 Success rate: 0.0%
2025-10-01 15:30:43,061 - AEGIS-X.EliteMaster - WARNING - 🎯 Criteria passed: 0/7
2025-10-01 15:30:43,061 - AEGIS-X.EliteMaster - WARNING -    ❌ min_critical_vulns
2025-10-01 15:30:43,061 - AEGIS-X.EliteMaster - WARNING -    ❌ min_high_vulns
2025-10-01 15:30:43,061 - AEGIS-X.EliteMaster - WARNING -    ❌ min_medium_vulns
2025-10-01 15:30:43,061 - AEGIS-X.EliteMaster - WARNING -    ❌ min_total_vulns
2025-10-01 15:30:43,061 - AEGIS-X.EliteMaster - WARNING -    ❌ min_verified_rate
2025-10-01 15:30:43,061 - AEGIS-X.EliteMaster - WARNING -    ❌ min_confidence_score
2025-10-01 15:30:43,061 - AEGIS-X.EliteMaster - WARNING -    ❌ min_exploitability_score
2025-10-01 15:30:43,061 - AEGIS-X.EliteMaster - WARNING - ⚠️⚠️⚠️⚠️⚠️⚠️⚠️⚠️⚠️⚠️⚠️⚠️⚠️⚠️⚠️⚠️⚠️⚠️⚠️⚠️⚠️⚠️⚠️⚠️⚠️⚠️⚠️⚠️⚠️⚠️
2025-10-01 15:30:43,061 - AEGIS-X.EliteMaster - WARNING - ⚠️ Elite hunting campaign completed with partial success
2025-10-01 15:31:32,385 - AEGIS-X.EliteVulnerabilityEngine - INFO - 🔥 Elite Vulnerability Engine initialized
2025-10-01 15:31:32,385 - AEGIS-X.EliteVulnerabilityEngine - INFO - 🎯 Loaded 154 elite payloads
2025-10-01 15:31:32,385 - AEGIS-X.EliteVulnerabilityEngine - INFO - 🔍 Configured 16 reconnaissance techniques
2025-10-01 15:31:32,385 - AEGIS-X.EliteVerificationEngine - INFO - 🔥 Elite Verification Engine initialized
2025-10-01 15:31:32,385 - AEGIS-X.EliteVerificationEngine - INFO - 🔍 Configured 6 verification layers
2025-10-01 15:31:32,385 - AEGIS-X.EliteVerificationEngine - INFO - 🎯 Loaded 10 vulnerability-specific techniques
2025-10-01 15:31:32,385 - AEGIS-X.EliteMaster - INFO - 🔥🔥🔥🔥🔥🔥🔥🔥🔥🔥🔥🔥🔥🔥🔥🔥🔥🔥🔥🔥🔥🔥🔥🔥🔥🔥🔥🔥🔥🔥🔥🔥🔥🔥🔥🔥🔥🔥🔥🔥🔥🔥🔥🔥🔥🔥🔥🔥🔥🔥🔥🔥🔥🔥🔥🔥🔥🔥🔥🔥
2025-10-01 15:31:32,385 - AEGIS-X.EliteMaster - INFO - 🚀 AEGIS-X ELITE MASTER SYSTEM v6.0 INITIALIZED
2025-10-01 15:31:32,385 - AEGIS-X.EliteMaster - INFO - 🔥🔥🔥🔥🔥🔥🔥🔥🔥🔥🔥🔥🔥🔥🔥🔥🔥🔥🔥🔥🔥🔥🔥🔥🔥🔥🔥🔥🔥🔥🔥🔥🔥🔥🔥🔥🔥🔥🔥🔥🔥🔥🔥🔥🔥🔥🔥🔥🔥🔥🔥🔥🔥🔥🔥🔥🔥🔥🔥🔥
2025-10-01 15:31:32,385 - AEGIS-X.EliteMaster - INFO - 📊 Campaign ID: elite_campaign_1759332692
2025-10-01 15:31:32,385 - AEGIS-X.EliteMaster - INFO - 🎯 Success Criteria: {'min_critical_vulns': 2, 'min_high_vulns': 3, 'min_medium_vulns': 13, 'min_total_vulns': 18, 'min_verified_rate': 0.9, 'min_confidence_score': 0.85, 'min_exploitability_score': 0.7}
2025-10-01 15:31:32,385 - AEGIS-X.EliteMaster - INFO - 💀 GUARANTEED TO FIND REAL, EXPLOITABLE VULNERABILITIES
2025-10-01 15:31:32,385 - AEGIS-X.EliteMaster - INFO - 🔥🔥🔥🔥🔥🔥🔥🔥🔥🔥🔥🔥🔥🔥🔥🔥🔥🔥🔥🔥🔥🔥🔥🔥🔥🔥🔥🔥🔥🔥🔥🔥🔥🔥🔥🔥🔥🔥🔥🔥🔥🔥🔥🔥🔥🔥🔥🔥🔥🔥🔥🔥🔥🔥🔥🔥🔥🔥🔥🔥
2025-10-01 15:31:32,386 - AEGIS-X.EliteMaster - INFO - 🚀🚀🚀🚀🚀🚀🚀🚀🚀🚀🚀🚀🚀🚀🚀🚀🚀🚀🚀🚀🚀🚀🚀🚀🚀🚀🚀🚀🚀🚀
2025-10-01 15:31:32,386 - AEGIS-X.EliteMaster - INFO - 🎯 STARTING ELITE HUNTING CAMPAIGN AGAINST: localhost:12001
2025-10-01 15:31:32,386 - AEGIS-X.EliteMaster - INFO - ⏰ Time limit: 5 minutes
2025-10-01 15:31:32,386 - AEGIS-X.EliteMaster - INFO - 🔄 Max iterations: 3
2025-10-01 15:31:32,386 - AEGIS-X.EliteMaster - INFO - 🚀🚀🚀🚀🚀🚀🚀🚀🚀🚀🚀🚀🚀🚀🚀🚀🚀🚀🚀🚀🚀🚀🚀🚀🚀🚀🚀🚀🚀🚀
2025-10-01 15:31:32,386 - AEGIS-X.EliteMaster - INFO - 🔍 PHASE 1: ELITE RECONNAISSANCE
2025-10-01 15:31:32,386 - AEGIS-X.EliteVulnerabilityEngine - INFO - 🔍 Starting elite reconnaissance for localhost:12001
2025-10-01 15:31:38,860 - AEGIS-X.EliteVulnerabilityEngine - ERROR - SSL certificate analysis failed: [Errno -2] Name or service not known
2025-10-01 15:31:39,067 - AEGIS-X.EliteVulnerabilityEngine - INFO - 🔗 Found endpoint: http://localhost:12001/ (200)
2025-10-01 15:31:39,067 - AEGIS-X.EliteVulnerabilityEngine - ERROR - JavaScript analysis failed: Cannot connect to host localhost:12001 ssl:default [[SSL] record layer failure (_ssl.c:1010)]
2025-10-01 15:31:39,067 - AEGIS-X.EliteVulnerabilityEngine - ERROR - Technology fingerprinting failed: Cannot connect to host localhost:12001 ssl:default [[SSL] record layer failure (_ssl.c:1010)]
2025-10-01 15:31:39,067 - AEGIS-X.EliteVulnerabilityEngine - ERROR - Header analysis failed: Cannot connect to host localhost:12001 ssl:default [[SSL] record layer failure (_ssl.c:1010)]
2025-10-01 15:31:39,069 - AEGIS-X.EliteVulnerabilityEngine - INFO - 🔗 Found endpoint: http://localhost:12001/admin (200)
2025-10-01 15:31:39,140 - AEGIS-X.EliteVulnerabilityEngine - INFO - 🔗 Found endpoint: http://localhost:12001/search (200)
2025-10-01 15:31:39,187 - AEGIS-X.EliteVulnerabilityEngine - INFO - 🔍 Elite reconnaissance complete:
2025-10-01 15:31:39,187 - AEGIS-X.EliteVulnerabilityEngine - INFO -    🌐 Subdomains: 0
2025-10-01 15:31:39,187 - AEGIS-X.EliteVulnerabilityEngine - INFO -    🔗 Endpoints: 3
2025-10-01 15:31:39,187 - AEGIS-X.EliteVulnerabilityEngine - INFO -    📝 Parameters: 53
2025-10-01 15:31:39,187 - AEGIS-X.EliteVulnerabilityEngine - INFO -    🛠️ Technologies: 0
2025-10-01 15:31:39,187 - AEGIS-X.EliteVulnerabilityEngine - INFO -    📋 Forms: 6
2025-10-01 15:31:39,187 - AEGIS-X.EliteVulnerabilityEngine - INFO -    📄 Interesting files: 0
2025-10-01 15:31:39,187 - AEGIS-X.EliteMaster - INFO - ⚡ PHASE 2: ELITE VULNERABILITY DETECTION
2025-10-01 15:31:39,187 - AEGIS-X.EliteVulnerabilityEngine - INFO - 🎯 Starting elite vulnerability testing for localhost:12001
2025-10-01 15:31:47,110 - AEGIS-X.EliteVulnerabilityEngine - INFO - 🎯 Elite vulnerability testing complete: 17 vulnerabilities found
2025-10-01 15:31:47,110 - AEGIS-X.EliteMaster - INFO - 🎯 Discovered 17 potential vulnerabilities
2025-10-01 15:31:47,110 - AEGIS-X.EliteMaster - INFO - 🔍 PHASE 3: ELITE VERIFICATION
2025-10-01 15:31:47,110 - AEGIS-X.EliteVerificationEngine - INFO - 🔍 Starting elite verification for vulnerability: Reflected XSS in q parameter
2025-10-01 15:31:51,683 - AEGIS-X.EliteVerificationEngine - INFO - ✅ Browser driver initialized for behavioral verification
2025-10-01 15:31:51,683 - AEGIS-X.EliteVerificationEngine - INFO - 🎯 Layer 1: Payload Validation
2025-10-01 15:31:51,685 - AEGIS-X.EliteVerificationEngine - INFO - 📊 Layer 2: Response Analysis
2025-10-01 15:31:51,686 - AEGIS-X.EliteVerificationEngine - INFO - 🌐 Layer 3: Behavioral Verification
2025-10-01 15:31:51,738 - AEGIS-X.EliteVerificationEngine - INFO - 💥 Layer 4: Impact Simulation
2025-10-01 15:31:51,739 - AEGIS-X.EliteVerificationEngine - INFO - 🔗 Layer 5: Exploit Chain Validation
2025-10-01 15:31:51,739 - AEGIS-X.EliteVerificationEngine - INFO - 🚫 Layer 6: False Positive Elimination
2025-10-01 15:31:51,739 - AEGIS-X.EliteVerificationEngine - INFO - 🎯 Vulnerability-specific verification for cross-site scripting (xss)
2025-10-01 15:31:51,739 - AEGIS-X.EliteVerificationEngine - INFO - ✅ Elite verification complete for xss_dfaa64f0: False (confidence: 0.30)
2025-10-01 15:31:51,739 - AEGIS-X.EliteMaster - INFO - ❌ Not verified: Reflected XSS in q parameter (confidence: 0.30)
2025-10-01 15:31:51,739 - AEGIS-X.EliteMaster - INFO -    False positive indicators: False positive indicator: localhost, Test/demo domain detected: localhost
2025-10-01 15:31:51,739 - AEGIS-X.EliteVerificationEngine - INFO - 🔍 Starting elite verification for vulnerability: Reflected XSS in q parameter
2025-10-01 15:31:51,739 - AEGIS-X.EliteVerificationEngine - INFO - 🎯 Layer 1: Payload Validation
2025-10-01 15:31:51,742 - AEGIS-X.EliteVerificationEngine - INFO - 📊 Layer 2: Response Analysis
2025-10-01 15:31:51,743 - AEGIS-X.EliteVerificationEngine - INFO - 🌐 Layer 3: Behavioral Verification
2025-10-01 15:31:51,777 - AEGIS-X.EliteVerificationEngine - INFO - 💥 Layer 4: Impact Simulation
2025-10-01 15:31:51,778 - AEGIS-X.EliteVerificationEngine - INFO - 🔗 Layer 5: Exploit Chain Validation
2025-10-01 15:31:51,778 - AEGIS-X.EliteVerificationEngine - INFO - 🚫 Layer 6: False Positive Elimination
2025-10-01 15:31:51,778 - AEGIS-X.EliteVerificationEngine - INFO - 🎯 Vulnerability-specific verification for cross-site scripting (xss)
2025-10-01 15:31:51,778 - AEGIS-X.EliteVerificationEngine - INFO - ✅ Elite verification complete for xss_0aef1b82: False (confidence: 0.30)
2025-10-01 15:31:51,778 - AEGIS-X.EliteMaster - INFO - ❌ Not verified: Reflected XSS in q parameter (confidence: 0.30)
2025-10-01 15:31:51,778 - AEGIS-X.EliteMaster - INFO -    False positive indicators: False positive indicator: localhost, Test/demo domain detected: localhost
2025-10-01 15:31:51,778 - AEGIS-X.EliteVerificationEngine - INFO - 🔍 Starting elite verification for vulnerability: Reflected XSS in q parameter
2025-10-01 15:31:51,778 - AEGIS-X.EliteVerificationEngine - INFO - 🎯 Layer 1: Payload Validation
2025-10-01 15:31:51,780 - AEGIS-X.EliteVerificationEngine - INFO - 📊 Layer 2: Response Analysis
2025-10-01 15:31:51,782 - AEGIS-X.EliteVerificationEngine - INFO - 🌐 Layer 3: Behavioral Verification
2025-10-01 15:31:51,811 - AEGIS-X.EliteVerificationEngine - INFO - 💥 Layer 4: Impact Simulation
2025-10-01 15:31:51,811 - AEGIS-X.EliteVerificationEngine - INFO - 🔗 Layer 5: Exploit Chain Validation
2025-10-01 15:31:51,811 - AEGIS-X.EliteVerificationEngine - INFO - 🚫 Layer 6: False Positive Elimination
2025-10-01 15:31:51,812 - AEGIS-X.EliteVerificationEngine - INFO - 🎯 Vulnerability-specific verification for cross-site scripting (xss)
2025-10-01 15:31:51,812 - AEGIS-X.EliteVerificationEngine - INFO - ✅ Elite verification complete for xss_320ad9d6: False (confidence: 0.30)
2025-10-01 15:31:51,812 - AEGIS-X.EliteMaster - INFO - ❌ Not verified: Reflected XSS in q parameter (confidence: 0.30)
2025-10-01 15:31:51,812 - AEGIS-X.EliteMaster - INFO -    False positive indicators: False positive indicator: localhost, Test/demo domain detected: localhost
2025-10-01 15:31:51,812 - AEGIS-X.EliteVerificationEngine - INFO - 🔍 Starting elite verification for vulnerability: Reflected XSS in q parameter
2025-10-01 15:31:51,812 - AEGIS-X.EliteVerificationEngine - INFO - 🎯 Layer 1: Payload Validation
2025-10-01 15:31:51,814 - AEGIS-X.EliteVerificationEngine - INFO - 📊 Layer 2: Response Analysis
2025-10-01 15:31:51,815 - AEGIS-X.EliteVerificationEngine - INFO - 🌐 Layer 3: Behavioral Verification
2025-10-01 15:31:51,847 - AEGIS-X.EliteVerificationEngine - INFO - 💥 Layer 4: Impact Simulation
2025-10-01 15:31:51,847 - AEGIS-X.EliteVerificationEngine - INFO - 🔗 Layer 5: Exploit Chain Validation
2025-10-01 15:31:51,847 - AEGIS-X.EliteVerificationEngine - INFO - 🚫 Layer 6: False Positive Elimination
2025-10-01 15:31:51,847 - AEGIS-X.EliteVerificationEngine - INFO - 🎯 Vulnerability-specific verification for cross-site scripting (xss)
2025-10-01 15:31:51,847 - AEGIS-X.EliteVerificationEngine - INFO - ✅ Elite verification complete for xss_58f2638b: False (confidence: 0.30)
2025-10-01 15:31:51,847 - AEGIS-X.EliteMaster - INFO - ❌ Not verified: Reflected XSS in q parameter (confidence: 0.30)
2025-10-01 15:31:51,847 - AEGIS-X.EliteMaster - INFO -    False positive indicators: False positive indicator: localhost, Test/demo domain detected: localhost
2025-10-01 15:31:51,847 - AEGIS-X.EliteVerificationEngine - INFO - 🔍 Starting elite verification for vulnerability: Reflected XSS in q parameter
2025-10-01 15:31:51,847 - AEGIS-X.EliteVerificationEngine - INFO - 🎯 Layer 1: Payload Validation
2025-10-01 15:31:51,849 - AEGIS-X.EliteVerificationEngine - INFO - 📊 Layer 2: Response Analysis
2025-10-01 15:31:51,850 - AEGIS-X.EliteVerificationEngine - INFO - 🌐 Layer 3: Behavioral Verification
2025-10-01 15:31:51,885 - AEGIS-X.EliteVerificationEngine - INFO - 💥 Layer 4: Impact Simulation
2025-10-01 15:31:51,885 - AEGIS-X.EliteVerificationEngine - INFO - 🔗 Layer 5: Exploit Chain Validation
2025-10-01 15:31:51,885 - AEGIS-X.EliteVerificationEngine - INFO - 🚫 Layer 6: False Positive Elimination
2025-10-01 15:31:51,885 - AEGIS-X.EliteVerificationEngine - INFO - 🎯 Vulnerability-specific verification for cross-site scripting (xss)
2025-10-01 15:31:51,885 - AEGIS-X.EliteVerificationEngine - INFO - ✅ Elite verification complete for xss_d4d85d59: False (confidence: 0.30)
2025-10-01 15:31:51,885 - AEGIS-X.EliteMaster - INFO - ❌ Not verified: Reflected XSS in q parameter (confidence: 0.30)
2025-10-01 15:31:51,886 - AEGIS-X.EliteMaster - INFO -    False positive indicators: False positive indicator: localhost, Test/demo domain detected: localhost
2025-10-01 15:31:51,886 - AEGIS-X.EliteVerificationEngine - INFO - 🔍 Starting elite verification for vulnerability: Reflected XSS in q parameter
2025-10-01 15:31:51,886 - AEGIS-X.EliteVerificationEngine - INFO - 🎯 Layer 1: Payload Validation
2025-10-01 15:31:51,887 - AEGIS-X.EliteVerificationEngine - INFO - 📊 Layer 2: Response Analysis
2025-10-01 15:31:51,888 - AEGIS-X.EliteVerificationEngine - INFO - 🌐 Layer 3: Behavioral Verification
2025-10-01 15:31:51,921 - AEGIS-X.EliteVerificationEngine - INFO - 💥 Layer 4: Impact Simulation
2025-10-01 15:31:51,922 - AEGIS-X.EliteVerificationEngine - INFO - 🔗 Layer 5: Exploit Chain Validation
2025-10-01 15:31:51,922 - AEGIS-X.EliteVerificationEngine - INFO - 🚫 Layer 6: False Positive Elimination
2025-10-01 15:31:51,922 - AEGIS-X.EliteVerificationEngine - INFO - 🎯 Vulnerability-specific verification for cross-site scripting (xss)
2025-10-01 15:31:51,922 - AEGIS-X.EliteVerificationEngine - INFO - ✅ Elite verification complete for xss_1940eea2: False (confidence: 0.30)
2025-10-01 15:31:51,922 - AEGIS-X.EliteMaster - INFO - ❌ Not verified: Reflected XSS in q parameter (confidence: 0.30)
2025-10-01 15:31:51,922 - AEGIS-X.EliteMaster - INFO -    False positive indicators: False positive indicator: localhost, Test/demo domain detected: localhost
2025-10-01 15:31:51,922 - AEGIS-X.EliteVerificationEngine - INFO - 🔍 Starting elite verification for vulnerability: Reflected XSS in q parameter
2025-10-01 15:31:51,922 - AEGIS-X.EliteVerificationEngine - INFO - 🎯 Layer 1: Payload Validation
2025-10-01 15:31:51,924 - AEGIS-X.EliteVerificationEngine - INFO - 📊 Layer 2: Response Analysis
2025-10-01 15:31:51,925 - AEGIS-X.EliteVerificationEngine - INFO - 🌐 Layer 3: Behavioral Verification
2025-10-01 15:31:51,957 - AEGIS-X.EliteVerificationEngine - INFO - 💥 Layer 4: Impact Simulation
2025-10-01 15:31:51,957 - AEGIS-X.EliteVerificationEngine - INFO - 🔗 Layer 5: Exploit Chain Validation
2025-10-01 15:31:51,957 - AEGIS-X.EliteVerificationEngine - INFO - 🚫 Layer 6: False Positive Elimination
2025-10-01 15:31:51,958 - AEGIS-X.EliteVerificationEngine - INFO - 🎯 Vulnerability-specific verification for cross-site scripting (xss)
2025-10-01 15:31:51,958 - AEGIS-X.EliteVerificationEngine - INFO - ✅ Elite verification complete for xss_07641dd4: False (confidence: 0.30)
2025-10-01 15:31:51,958 - AEGIS-X.EliteMaster - INFO - ❌ Not verified: Reflected XSS in q parameter (confidence: 0.30)
2025-10-01 15:31:51,958 - AEGIS-X.EliteMaster - INFO -    False positive indicators: False positive indicator: localhost, Test/demo domain detected: localhost
2025-10-01 15:31:51,958 - AEGIS-X.EliteVerificationEngine - INFO - 🔍 Starting elite verification for vulnerability: Reflected XSS in q parameter
2025-10-01 15:31:51,958 - AEGIS-X.EliteVerificationEngine - INFO - 🎯 Layer 1: Payload Validation
2025-10-01 15:31:51,959 - AEGIS-X.EliteVerificationEngine - INFO - 📊 Layer 2: Response Analysis
2025-10-01 15:31:51,960 - AEGIS-X.EliteVerificationEngine - INFO - 🌐 Layer 3: Behavioral Verification
2025-10-01 15:31:51,996 - AEGIS-X.EliteVerificationEngine - INFO - 💥 Layer 4: Impact Simulation
2025-10-01 15:31:51,996 - AEGIS-X.EliteVerificationEngine - INFO - 🔗 Layer 5: Exploit Chain Validation
2025-10-01 15:31:51,996 - AEGIS-X.EliteVerificationEngine - INFO - 🚫 Layer 6: False Positive Elimination
2025-10-01 15:31:51,996 - AEGIS-X.EliteVerificationEngine - INFO - 🎯 Vulnerability-specific verification for cross-site scripting (xss)
2025-10-01 15:31:51,996 - AEGIS-X.EliteVerificationEngine - INFO - ✅ Elite verification complete for xss_41eeca31: False (confidence: 0.30)
2025-10-01 15:31:51,996 - AEGIS-X.EliteMaster - INFO - ❌ Not verified: Reflected XSS in q parameter (confidence: 0.30)
2025-10-01 15:31:51,996 - AEGIS-X.EliteMaster - INFO -    False positive indicators: False positive indicator: localhost, Test/demo domain detected: localhost
2025-10-01 15:31:51,996 - AEGIS-X.EliteVerificationEngine - INFO - 🔍 Starting elite verification for vulnerability: Reflected XSS in q parameter
2025-10-01 15:31:51,996 - AEGIS-X.EliteVerificationEngine - INFO - 🎯 Layer 1: Payload Validation
2025-10-01 15:31:51,998 - AEGIS-X.EliteVerificationEngine - INFO - 📊 Layer 2: Response Analysis
2025-10-01 15:31:51,999 - AEGIS-X.EliteVerificationEngine - INFO - 🌐 Layer 3: Behavioral Verification
2025-10-01 15:31:52,031 - AEGIS-X.EliteVerificationEngine - INFO - 💥 Layer 4: Impact Simulation
2025-10-01 15:31:52,031 - AEGIS-X.EliteVerificationEngine - INFO - 🔗 Layer 5: Exploit Chain Validation
2025-10-01 15:31:52,031 - AEGIS-X.EliteVerificationEngine - INFO - 🚫 Layer 6: False Positive Elimination
2025-10-01 15:31:52,031 - AEGIS-X.EliteVerificationEngine - INFO - 🎯 Vulnerability-specific verification for cross-site scripting (xss)
2025-10-01 15:31:52,031 - AEGIS-X.EliteVerificationEngine - INFO - ✅ Elite verification complete for xss_2dfabb3a: False (confidence: 0.30)
2025-10-01 15:31:52,031 - AEGIS-X.EliteMaster - INFO - ❌ Not verified: Reflected XSS in q parameter (confidence: 0.30)
2025-10-01 15:31:52,031 - AEGIS-X.EliteMaster - INFO -    False positive indicators: False positive indicator: localhost, Test/demo domain detected: localhost
2025-10-01 15:31:52,031 - AEGIS-X.EliteVerificationEngine - INFO - 🔍 Starting elite verification for vulnerability: Reflected XSS in q parameter
2025-10-01 15:31:52,031 - AEGIS-X.EliteVerificationEngine - INFO - 🎯 Layer 1: Payload Validation
2025-10-01 15:31:52,033 - AEGIS-X.EliteVerificationEngine - INFO - 📊 Layer 2: Response Analysis
2025-10-01 15:31:52,034 - AEGIS-X.EliteVerificationEngine - INFO - 🌐 Layer 3: Behavioral Verification
2025-10-01 15:31:52,068 - AEGIS-X.EliteVerificationEngine - INFO - 💥 Layer 4: Impact Simulation
2025-10-01 15:31:52,068 - AEGIS-X.EliteVerificationEngine - INFO - 🔗 Layer 5: Exploit Chain Validation
2025-10-01 15:31:52,068 - AEGIS-X.EliteVerificationEngine - INFO - 🚫 Layer 6: False Positive Elimination
2025-10-01 15:31:52,069 - AEGIS-X.EliteVerificationEngine - INFO - 🎯 Vulnerability-specific verification for cross-site scripting (xss)
2025-10-01 15:31:52,069 - AEGIS-X.EliteVerificationEngine - INFO - ✅ Elite verification complete for xss_08c3f683: False (confidence: 0.30)
2025-10-01 15:31:52,069 - AEGIS-X.EliteMaster - INFO - ❌ Not verified: Reflected XSS in q parameter (confidence: 0.30)
2025-10-01 15:31:52,069 - AEGIS-X.EliteMaster - INFO -    False positive indicators: False positive indicator: localhost, Test/demo domain detected: localhost
2025-10-01 15:31:52,069 - AEGIS-X.EliteVerificationEngine - INFO - 🔍 Starting elite verification for vulnerability: Reflected XSS in q parameter
2025-10-01 15:31:52,069 - AEGIS-X.EliteVerificationEngine - INFO - 🎯 Layer 1: Payload Validation
2025-10-01 15:31:52,071 - AEGIS-X.EliteVerificationEngine - INFO - 📊 Layer 2: Response Analysis
2025-10-01 15:31:52,072 - AEGIS-X.EliteVerificationEngine - INFO - 🌐 Layer 3: Behavioral Verification
2025-10-01 15:31:52,109 - AEGIS-X.EliteVerificationEngine - INFO - 💥 Layer 4: Impact Simulation
2025-10-01 15:31:52,109 - AEGIS-X.EliteVerificationEngine - INFO - 🔗 Layer 5: Exploit Chain Validation
2025-10-01 15:31:52,109 - AEGIS-X.EliteVerificationEngine - INFO - 🚫 Layer 6: False Positive Elimination
2025-10-01 15:31:52,109 - AEGIS-X.EliteVerificationEngine - INFO - 🎯 Vulnerability-specific verification for cross-site scripting (xss)
2025-10-01 15:31:52,110 - AEGIS-X.EliteVerificationEngine - INFO - ✅ Elite verification complete for xss_c6bef3cb: False (confidence: 0.30)
2025-10-01 15:31:52,110 - AEGIS-X.EliteMaster - INFO - ❌ Not verified: Reflected XSS in q parameter (confidence: 0.30)
2025-10-01 15:31:52,110 - AEGIS-X.EliteMaster - INFO -    False positive indicators: False positive indicator: localhost, Test/demo domain detected: localhost
2025-10-01 15:31:52,110 - AEGIS-X.EliteVerificationEngine - INFO - 🔍 Starting elite verification for vulnerability: Reflected XSS in q parameter
2025-10-01 15:31:52,110 - AEGIS-X.EliteVerificationEngine - INFO - 🎯 Layer 1: Payload Validation
2025-10-01 15:31:52,111 - AEGIS-X.EliteVerificationEngine - INFO - 📊 Layer 2: Response Analysis
2025-10-01 15:31:52,112 - AEGIS-X.EliteVerificationEngine - INFO - 🌐 Layer 3: Behavioral Verification
2025-10-01 15:31:52,148 - AEGIS-X.EliteVerificationEngine - INFO - 💥 Layer 4: Impact Simulation
2025-10-01 15:31:52,149 - AEGIS-X.EliteVerificationEngine - INFO - 🔗 Layer 5: Exploit Chain Validation
2025-10-01 15:31:52,149 - AEGIS-X.EliteVerificationEngine - INFO - 🚫 Layer 6: False Positive Elimination
2025-10-01 15:31:52,149 - AEGIS-X.EliteVerificationEngine - INFO - 🎯 Vulnerability-specific verification for cross-site scripting (xss)
2025-10-01 15:31:52,149 - AEGIS-X.EliteVerificationEngine - INFO - ✅ Elite verification complete for xss_f19a2580: False (confidence: 0.30)
2025-10-01 15:31:52,149 - AEGIS-X.EliteMaster - INFO - ❌ Not verified: Reflected XSS in q parameter (confidence: 0.30)
2025-10-01 15:31:52,149 - AEGIS-X.EliteMaster - INFO -    False positive indicators: False positive indicator: localhost, Test/demo domain detected: localhost
2025-10-01 15:31:52,149 - AEGIS-X.EliteVerificationEngine - INFO - 🔍 Starting elite verification for vulnerability: Reflected XSS in q parameter
2025-10-01 15:31:52,149 - AEGIS-X.EliteVerificationEngine - INFO - 🎯 Layer 1: Payload Validation
2025-10-01 15:31:52,151 - AEGIS-X.EliteVerificationEngine - INFO - 📊 Layer 2: Response Analysis
2025-10-01 15:31:52,152 - AEGIS-X.EliteVerificationEngine - INFO - 🌐 Layer 3: Behavioral Verification
2025-10-01 15:31:52,183 - AEGIS-X.EliteVerificationEngine - INFO - 💥 Layer 4: Impact Simulation
2025-10-01 15:31:52,183 - AEGIS-X.EliteVerificationEngine - INFO - 🔗 Layer 5: Exploit Chain Validation
2025-10-01 15:31:52,183 - AEGIS-X.EliteVerificationEngine - INFO - 🚫 Layer 6: False Positive Elimination
2025-10-01 15:31:52,183 - AEGIS-X.EliteVerificationEngine - INFO - 🎯 Vulnerability-specific verification for cross-site scripting (xss)
2025-10-01 15:31:52,184 - AEGIS-X.EliteVerificationEngine - INFO - ✅ Elite verification complete for xss_45481bec: False (confidence: 0.30)
2025-10-01 15:31:52,184 - AEGIS-X.EliteMaster - INFO - ❌ Not verified: Reflected XSS in q parameter (confidence: 0.30)
2025-10-01 15:31:52,184 - AEGIS-X.EliteMaster - INFO -    False positive indicators: False positive indicator: localhost, Test/demo domain detected: localhost
2025-10-01 15:31:52,184 - AEGIS-X.EliteVerificationEngine - INFO - 🔍 Starting elite verification for vulnerability: Reflected XSS in q parameter
2025-10-01 15:31:52,184 - AEGIS-X.EliteVerificationEngine - INFO - 🎯 Layer 1: Payload Validation
2025-10-01 15:31:52,185 - AEGIS-X.EliteVerificationEngine - INFO - 📊 Layer 2: Response Analysis
2025-10-01 15:31:52,187 - AEGIS-X.EliteVerificationEngine - INFO - 🌐 Layer 3: Behavioral Verification
2025-10-01 15:31:52,220 - AEGIS-X.EliteVerificationEngine - INFO - 💥 Layer 4: Impact Simulation
2025-10-01 15:31:52,220 - AEGIS-X.EliteVerificationEngine - INFO - 🔗 Layer 5: Exploit Chain Validation
2025-10-01 15:31:52,220 - AEGIS-X.EliteVerificationEngine - INFO - 🚫 Layer 6: False Positive Elimination
2025-10-01 15:31:52,220 - AEGIS-X.EliteVerificationEngine - INFO - 🎯 Vulnerability-specific verification for cross-site scripting (xss)
2025-10-01 15:31:52,220 - AEGIS-X.EliteVerificationEngine - INFO - ✅ Elite verification complete for xss_d21819d3: False (confidence: 0.30)
2025-10-01 15:31:52,220 - AEGIS-X.EliteMaster - INFO - ❌ Not verified: Reflected XSS in q parameter (confidence: 0.30)
2025-10-01 15:31:52,220 - AEGIS-X.EliteMaster - INFO -    False positive indicators: False positive indicator: localhost, Test/demo domain detected: localhost
2025-10-01 15:31:52,220 - AEGIS-X.EliteVerificationEngine - INFO - 🔍 Starting elite verification for vulnerability: Reflected XSS in q parameter
2025-10-01 15:31:52,220 - AEGIS-X.EliteVerificationEngine - INFO - 🎯 Layer 1: Payload Validation
2025-10-01 15:31:52,222 - AEGIS-X.EliteVerificationEngine - INFO - 📊 Layer 2: Response Analysis
2025-10-01 15:31:52,223 - AEGIS-X.EliteVerificationEngine - INFO - 🌐 Layer 3: Behavioral Verification
2025-10-01 15:31:52,256 - AEGIS-X.EliteVerificationEngine - INFO - 💥 Layer 4: Impact Simulation
2025-10-01 15:31:52,256 - AEGIS-X.EliteVerificationEngine - INFO - 🔗 Layer 5: Exploit Chain Validation
2025-10-01 15:31:52,256 - AEGIS-X.EliteVerificationEngine - INFO - 🚫 Layer 6: False Positive Elimination
2025-10-01 15:31:52,256 - AEGIS-X.EliteVerificationEngine - INFO - 🎯 Vulnerability-specific verification for cross-site scripting (xss)
2025-10-01 15:31:52,256 - AEGIS-X.EliteVerificationEngine - INFO - ✅ Elite verification complete for xss_dd30ad0a: False (confidence: 0.30)
2025-10-01 15:31:52,256 - AEGIS-X.EliteMaster - INFO - ❌ Not verified: Reflected XSS in q parameter (confidence: 0.30)
2025-10-01 15:31:52,256 - AEGIS-X.EliteMaster - INFO -    False positive indicators: False positive indicator: localhost, Test/demo domain detected: localhost
2025-10-01 15:31:52,256 - AEGIS-X.EliteVerificationEngine - INFO - 🔍 Starting elite verification for vulnerability: Reflected XSS in q parameter
2025-10-01 15:31:52,256 - AEGIS-X.EliteVerificationEngine - INFO - 🎯 Layer 1: Payload Validation
2025-10-01 15:31:52,258 - AEGIS-X.EliteVerificationEngine - INFO - 📊 Layer 2: Response Analysis
2025-10-01 15:31:52,260 - AEGIS-X.EliteVerificationEngine - INFO - 🌐 Layer 3: Behavioral Verification
2025-10-01 15:31:52,293 - AEGIS-X.EliteVerificationEngine - INFO - 💥 Layer 4: Impact Simulation
2025-10-01 15:31:52,293 - AEGIS-X.EliteVerificationEngine - INFO - 🔗 Layer 5: Exploit Chain Validation
2025-10-01 15:31:52,293 - AEGIS-X.EliteVerificationEngine - INFO - 🚫 Layer 6: False Positive Elimination
2025-10-01 15:31:52,293 - AEGIS-X.EliteVerificationEngine - INFO - 🎯 Vulnerability-specific verification for cross-site scripting (xss)
2025-10-01 15:31:52,293 - AEGIS-X.EliteVerificationEngine - INFO - ✅ Elite verification complete for xss_b4eeaccd: False (confidence: 0.30)
2025-10-01 15:31:52,293 - AEGIS-X.EliteMaster - INFO - ❌ Not verified: Reflected XSS in q parameter (confidence: 0.30)
2025-10-01 15:31:52,293 - AEGIS-X.EliteMaster - INFO -    False positive indicators: False positive indicator: localhost, Test/demo domain detected: localhost
2025-10-01 15:31:52,293 - AEGIS-X.EliteVerificationEngine - INFO - 🔍 Starting elite verification for vulnerability: Reflected XSS in q parameter
2025-10-01 15:31:52,293 - AEGIS-X.EliteVerificationEngine - INFO - 🎯 Layer 1: Payload Validation
2025-10-01 15:31:52,295 - AEGIS-X.EliteVerificationEngine - INFO - 📊 Layer 2: Response Analysis
2025-10-01 15:31:52,296 - AEGIS-X.EliteVerificationEngine - INFO - 🌐 Layer 3: Behavioral Verification
2025-10-01 15:31:52,337 - AEGIS-X.EliteVerificationEngine - INFO - 💥 Layer 4: Impact Simulation
2025-10-01 15:31:52,337 - AEGIS-X.EliteVerificationEngine - INFO - 🔗 Layer 5: Exploit Chain Validation
2025-10-01 15:31:52,337 - AEGIS-X.EliteVerificationEngine - INFO - 🚫 Layer 6: False Positive Elimination
2025-10-01 15:31:52,337 - AEGIS-X.EliteVerificationEngine - INFO - 🎯 Vulnerability-specific verification for cross-site scripting (xss)
2025-10-01 15:31:52,337 - AEGIS-X.EliteVerificationEngine - INFO - ✅ Elite verification complete for xss_db5d04da: False (confidence: 0.30)
2025-10-01 15:31:52,337 - AEGIS-X.EliteMaster - INFO - ❌ Not verified: Reflected XSS in q parameter (confidence: 0.30)
2025-10-01 15:31:52,337 - AEGIS-X.EliteMaster - INFO -    False positive indicators: False positive indicator: localhost, Test/demo domain detected: localhost
2025-10-01 15:31:52,337 - AEGIS-X.EliteMaster - INFO - 📊 PHASE 4: CAMPAIGN ANALYSIS
2025-10-01 15:31:52,337 - AEGIS-X.EliteMaster - INFO - 📊 CAMPAIGN ANALYSIS RESULTS:
2025-10-01 15:31:52,337 - AEGIS-X.EliteMaster - INFO -    🎯 Total discovered: 17
2025-10-01 15:31:52,337 - AEGIS-X.EliteMaster - INFO -    ✅ Total verified: 0
2025-10-01 15:31:52,337 - AEGIS-X.EliteMaster - INFO -    📈 Verification rate: 0.00%
2025-10-01 15:31:52,337 - AEGIS-X.EliteMaster - INFO -    🚨 Critical: 0
2025-10-01 15:31:52,337 - AEGIS-X.EliteMaster - INFO -    ⚠️  High: 0
2025-10-01 15:31:52,337 - AEGIS-X.EliteMaster - INFO -    📊 Medium: 0
2025-10-01 15:31:52,337 - AEGIS-X.EliteMaster - INFO -    ℹ️  Low: 0
2025-10-01 15:31:52,337 - AEGIS-X.EliteMaster - INFO -    🎯 Average confidence: 0.00
2025-10-01 15:31:52,337 - AEGIS-X.EliteMaster - INFO -    ⚡ Average exploitability: 0.00
2025-10-01 15:31:52,337 - AEGIS-X.EliteMaster - INFO - ✅ PHASE 5: SUCCESS VALIDATION
2025-10-01 15:31:52,338 - AEGIS-X.EliteMaster - INFO - 📋 PHASE 6: COMPREHENSIVE REPORTING
2025-10-01 15:31:52,338 - AEGIS-X.EliteMaster - INFO - 📋 Elite report saved: output/elite_report_localhost:12001_1759332712.json
2025-10-01 15:31:52,338 - AEGIS-X.EliteMaster - INFO - 📊 Hunt summary saved: output/hunt_summary.txt
2025-10-01 15:31:52,338 - AEGIS-X.EliteMaster - WARNING - ⚠️⚠️⚠️⚠️⚠️⚠️⚠️⚠️⚠️⚠️⚠️⚠️⚠️⚠️⚠️⚠️⚠️⚠️⚠️⚠️⚠️⚠️⚠️⚠️⚠️⚠️⚠️⚠️⚠️⚠️
2025-10-01 15:31:52,338 - AEGIS-X.EliteMaster - WARNING - ❌ CAMPAIGN DID NOT MEET ALL SUCCESS CRITERIA
2025-10-01 15:31:52,338 - AEGIS-X.EliteMaster - WARNING - ⚠️⚠️⚠️⚠️⚠️⚠️⚠️⚠️⚠️⚠️⚠️⚠️⚠️⚠️⚠️⚠️⚠️⚠️⚠️⚠️⚠️⚠️⚠️⚠️⚠️⚠️⚠️⚠️⚠️⚠️
2025-10-01 15:31:52,338 - AEGIS-X.EliteMaster - WARNING - 📊 Success rate: 0.0%
2025-10-01 15:31:52,338 - AEGIS-X.EliteMaster - WARNING - 🎯 Criteria passed: 0/7
2025-10-01 15:31:52,338 - AEGIS-X.EliteMaster - WARNING -    ❌ min_critical_vulns
2025-10-01 15:31:52,338 - AEGIS-X.EliteMaster - WARNING -    ❌ min_high_vulns
2025-10-01 15:31:52,338 - AEGIS-X.EliteMaster - WARNING -    ❌ min_medium_vulns
2025-10-01 15:31:52,338 - AEGIS-X.EliteMaster - WARNING -    ❌ min_total_vulns
2025-10-01 15:31:52,338 - AEGIS-X.EliteMaster - WARNING -    ❌ min_verified_rate
2025-10-01 15:31:52,338 - AEGIS-X.EliteMaster - WARNING -    ❌ min_confidence_score
2025-10-01 15:31:52,338 - AEGIS-X.EliteMaster - WARNING -    ❌ min_exploitability_score
2025-10-01 15:31:52,338 - AEGIS-X.EliteMaster - WARNING - ⚠️⚠️⚠️⚠️⚠️⚠️⚠️⚠️⚠️⚠️⚠️⚠️⚠️⚠️⚠️⚠️⚠️⚠️⚠️⚠️⚠️⚠️⚠️⚠️⚠️⚠️⚠️⚠️⚠️⚠️
2025-10-01 15:31:52,398 - AEGIS-X.EliteMaster - WARNING - ⚠️ Elite hunting campaign completed with partial success
