2025-10-05 11:27:14,248 - nuclei_integration - WARNING - ⚠️ Nuclei not found - will attempt to install
2025-10-05 11:27:14,248 - nuclei_integration - INFO - 📦 Installing Nuclei...
2025-10-05 11:27:15,978 - nuclei_integration - INFO - ✅ Nuclei installed at: /usr/local/bin/nuclei
2025-10-05 11:27:15,978 - nuclei_integration - INFO - ✅ Found templates at: ./custom-nuclei-templates
2025-10-05 11:27:15,978 - __main__ - INFO - 🔥 Initializing AEGIS-X Reborn - Real Vulnerability Scanner
2025-10-05 11:27:15,979 - __main__ - INFO - ✅ AEGIS-X Reborn initialized successfully
2025-10-05 11:27:15,979 - __main__ - INFO - 🎯 Starting real vulnerability scan for: youngplatform.com
2025-10-05 11:27:15,979 - __main__ - INFO - 📊 Phase 1: Information Gathering
2025-10-05 11:27:16,156 - __main__ - INFO - 📊 Target info gathered: 200 cloudflare
2025-10-05 11:27:16,156 - __main__ - INFO - 📁 Phase 2: Directory and File Discovery
2025-10-05 11:27:16,298 - __main__ - INFO - 📁 Found: https://youngplatform.com/robots.txt
2025-10-05 11:27:16,396 - __main__ - INFO - 📁 Found: https://youngplatform.com/sitemap.xml
2025-10-05 11:27:18,084 - __main__ - INFO - 🔍 Phase 3: Parameter Discovery
2025-10-05 11:27:18,084 - __main__ - INFO - ⚡ Phase 4: Real Vulnerability Testing
2025-10-05 11:28:11,246 - __main__ - INFO - 🚀 Phase 5: Nuclei Template Scanning
2025-10-05 11:28:11,246 - __main__ - INFO - 🚀 Nuclei scan found 0 vulnerabilities
2025-10-05 11:28:11,246 - __main__ - INFO - ✅ Phase 6: Vulnerability Verification
2025-10-05 11:28:11,246 - __main__ - INFO - 🎉 Scan complete! Found 0 verified vulnerabilities
2025-10-05 11:28:11,247 - __main__ - INFO - ============================================================
2025-10-05 11:28:11,247 - __main__ - INFO - 🎯 AEGIS-X REBORN SCAN RESULTS
2025-10-05 11:28:11,247 - __main__ - INFO - ============================================================
2025-10-05 11:28:11,247 - __main__ - INFO - Target: youngplatform.com
2025-10-05 11:28:11,247 - __main__ - INFO - Total Vulnerabilities: 0
2025-10-05 11:28:11,247 - __main__ - INFO - Critical: 0
2025-10-05 11:28:11,247 - __main__ - INFO - High: 0
2025-10-05 11:28:11,247 - __main__ - INFO - Medium: 0
2025-10-05 11:28:11,247 - __main__ - INFO - Low: 0
2025-10-05 11:28:11,247 - __main__ - INFO - Verified: 0 (0%)
2025-10-05 11:28:11,247 - __main__ - INFO - Report saved: output/aegis_x_reborn_report_youngplatform.com_1759663691.json
2025-10-05 11:28:11,247 - __main__ - INFO - ============================================================
2025-10-05 11:28:11,247 - __main__ - INFO - 🎯 Checking Success Criteria:
2025-10-05 11:28:11,247 - __main__ - INFO - ✅ Total Vulnerabilities: 0
2025-10-05 11:28:11,247 - __main__ - INFO - ✅ Critical: 0
2025-10-05 11:28:11,247 - __main__ - INFO - ✅ High: 0
2025-10-05 11:28:11,247 - __main__ - INFO - ✅ Medium: 0
2025-10-05 11:28:11,247 - __main__ - INFO - ⚠️ No vulnerabilities found - target may be well secured
2025-10-05 11:28:33,593 - nuclei_integration - INFO - ✅ Found Nuclei at: /usr/local/bin/nuclei
2025-10-05 11:28:33,593 - nuclei_integration - INFO - ✅ Found templates at: ./custom-nuclei-templates
2025-10-05 11:28:33,593 - __main__ - INFO - 🔥 Initializing AEGIS-X Reborn - Real Vulnerability Scanner
2025-10-05 11:28:33,593 - __main__ - INFO - ✅ AEGIS-X Reborn initialized successfully
2025-10-05 11:28:33,593 - __main__ - INFO - 🎯 Starting real vulnerability scan for: testphp.vulnweb.com
2025-10-05 11:28:33,593 - __main__ - INFO - 📊 Phase 1: Information Gathering
2025-10-05 11:29:03,887 - __main__ - ERROR - ❌ Failed to gather target info: 
2025-10-05 11:29:03,887 - __main__ - INFO - 📁 Phase 2: Directory and File Discovery
